
> futura-and-co@0.1.0 build
> next build

   Ôû▓ Next.js 15.4.10
   - Environments: .env

   Creating an optimized production build ...
node.exe : 
No linha:1 caractere:1
+ & "C:\Program 
Files\nodejs/node.exe" "C:\Us
ers\julio\AppData\Roaming\ 
...
+ ~~~~~~~~~~~~~~~~~~~~~~~~~~~
~~~~~~~~~~~~~~~~~~~~~~~~~~~~~
~~~~~~~~~~~~~
    + CategoryInfo           
   : NotSpecified: (:String  
  ) [], RemoteException
    + FullyQualifiedErrorId  
   : NativeCommandError
 
> Build error occurred
[Error: Page "/keystatic/[[..
.keystatic]]/page" cannot 
use both "use client" and 
export function 
"generateStaticParams()".]
